ls: cannot access 'j': No such file or directorylsj